package io.sphere.sdk.annotations.generator.examples;

import io.sphere.sdk.models.Base;
import io.sphere.sdk.models.Builder;
import java.lang.String;

public final class ExampleWithSuperInterfaceDraftBuilder extends Base implements Builder<ExampleWithSuperInterfaceDraft> {
  private String name;

  private String sku;

  ExampleWithSuperInterfaceDraftBuilder() {
  }

  ExampleWithSuperInterfaceDraftBuilder(final String name, final String sku) {
    this.name = name;
    this.sku = sku;
  }

  public ExampleWithSuperInterfaceDraftBuilder name(final String name) {
    this.name = name;
    return this;
  }

  public ExampleWithSuperInterfaceDraftBuilder sku(final String sku) {
    this.sku = sku;
    return this;
  }

  public ExampleWithSuperInterfaceDraftDsl build() {
    return new ExampleWithSuperInterfaceDraftDsl(name, sku);
  }

  public static ExampleWithSuperInterfaceDraftBuilder of(final String name, final String sku) {
    return new ExampleWithSuperInterfaceDraftBuilder(name, sku);
  }

  public static ExampleWithSuperInterfaceDraftBuilder of(final ExampleWithSuperInterfaceDraft template) {
    return new ExampleWithSuperInterfaceDraftBuilder(template.getName(), template.getSku());
  }
}
