package io.sphere.sdk.annotations.generator.examples;

import io.sphere.sdk.models.Base;
import io.sphere.sdk.models.Builder;
import java.lang.Boolean;
import java.lang.String;
import java.util.List;
import javax.annotation.Nullable;

public final class ExampleDraftBuilder extends Base implements Builder<ExampleDraft> {
  private Boolean _default;

  private Boolean active;

  private List<String> names;

  @Nullable
  private String optional;

  private String sku;

  ExampleDraftBuilder() {
  }

  ExampleDraftBuilder(final Boolean _default, final Boolean active, final List<String> names,
      @Nullable final String optional, final String sku) {
    this._default = _default;
    this.active = active;
    this.names = names;
    this.optional = optional;
    this.sku = sku;
  }

  public ExampleDraftBuilder _default(final Boolean _default) {
    this._default = _default;
    return this;
  }

  public ExampleDraftBuilder isDefault(final Boolean _default) {
    this._default = _default;
    return this;
  }

  public ExampleDraftBuilder active(final Boolean active) {
    this.active = active;
    return this;
  }

  public ExampleDraftBuilder isActive(final Boolean active) {
    this.active = active;
    return this;
  }

  public ExampleDraftBuilder names(final List<String> names) {
    this.names = names;
    return this;
  }

  public ExampleDraftBuilder optional(@Nullable final String optional) {
    this.optional = optional;
    return this;
  }

  public ExampleDraftBuilder sku(final String sku) {
    this.sku = sku;
    return this;
  }

  public ExampleDraftDsl build() {
    return new ExampleDraftDsl(_default, active, names, optional, sku);
  }

  public static ExampleDraftBuilder of(final String sku, final Boolean active) {
    return new ExampleDraftBuilder(null, active, null, null, sku);
  }

  public static ExampleDraftBuilder of(final Boolean _default, final Boolean active) {
    return new ExampleDraftBuilder(_default, active, null, null, null);
  }

  public static ExampleDraftBuilder of(final Boolean _default, final String optional) {
    return new ExampleDraftBuilder(_default, null, null, optional, null);
  }

  public static ExampleDraftBuilder of(final ExampleDraft template) {
    return new ExampleDraftBuilder(template.isDefault(), template.isActive(), template.getNames(), template.getOptional(), template.getSku());
  }
}
